mkdocs : DEBUG   -  Loading configuration file: C:\Users\geoff\Desktop\D&D\dnd_session_logs\mkdocs.yml
At line:1 char:1
+ mkdocs build --verbose *> build_output.txt      # overwrite
+ ~~~~~~~~~~~~~~~~~~~~~~~~~~~~~~~~~~~~~~~~~~
    + CategoryInfo          : NotSpecified: (DEBUG   -  Load...logs\mkdocs.yml:String) [], RemoteException
    + FullyQualifiedErrorId : NativeCommandError
 
DEBUG   -  Loaded theme configuration for 'material' from 
'C:\Users\geoff\anaconda3\envs\dnd-mkdocs\lib\site-packages\material\templates\mkdocs_theme.yml': {'language': 'en', 'direction': 
None, 'features': [], 'font': {'text': 'Roboto', 'code': 'Roboto Mono'}, 'icon': None, 'favicon': 'assets/images/favicon.png', 
'static_templates': ['404.html']}
DEBUG   -  Config value 'config_file_path' = 'C:\\Users\\geoff\\Desktop\\D&D\\dnd_session_logs\\mkdocs.yml'
DEBUG   -  Config value 'site_name' = 'D&D Session Logs'
DEBUG   -  Config value 'nav' = None
DEBUG   -  Config value 'pages' = None
DEBUG   -  Config value 'exclude_docs' = None
DEBUG   -  Config value 'draft_docs' = None
DEBUG   -  Config value 'not_in_nav' = None
DEBUG   -  Config value 'site_url' = 'https://bytebard97.github.io/dnd_session_logs/'
DEBUG   -  Config value 'site_description' = 'Logs and recaps for all D&D campaign groups'
DEBUG   -  Config value 'site_author' = 'Your Name'
DEBUG   -  Config value 'theme' = Theme(name='material', 
dirs=['C:\\Users\\geoff\\anaconda3\\envs\\dnd-mkdocs\\lib\\site-packages\\material\\templates', 
'C:\\Users\\geoff\\anaconda3\\envs\\dnd-mkdocs\\lib\\site-packages\\mkdocs\\templates'], static_templates={'sitemap.xml', 
'404.html'}, name='material', locale=Locale('en'), language='en', direction=None, features=['navigation.tabs', 
'navigation.sections', 'search.suggest', 'search.highlight', 'content.code.annotate'], font={'text': 'Roboto', 'code': 'Roboto 
Mono'}, icon=None, favicon='assets/images/favicon.png')
DEBUG   -  Config value 'docs_dir' = 'C:\\Users\\geoff\\Desktop\\D&D\\dnd_session_logs\\site_src'
DEBUG   -  Config value 'site_dir' = 'C:\\Users\\geoff\\Desktop\\D&D\\dnd_session_logs\\docs'
DEBUG   -  Config value 'copyright' = None
DEBUG   -  Config value 'google_analytics' = None
DEBUG   -  Config value 'dev_addr' = _IpAddressValue(host='127.0.0.1', port=8000)
DEBUG   -  Config value 'use_directory_urls' = False
DEBUG   -  Config value 'repo_url' = None
DEBUG   -  Config value 'repo_name' = None
DEBUG   -  Config value 'edit_uri_template' = None
DEBUG   -  Config value 'edit_uri' = None
DEBUG   -  Config value 'extra_css' = ['custom_dd_style.css', 
'https://fonts.googleapis.com/css?family=Noto+Sans:400,700,400italic,700italic', 
'https://fonts.googleapis.com/css?family=Libre+Baskerville:700']
DEBUG   -  Config value 'extra_javascript' = ['js/statblock5e-inlined.html']
DEBUG   -  Config value 'extra_templates' = []
DEBUG   -  Config value 'markdown_extensions' = ['toc', 'tables', 'fenced_code']
DEBUG   -  Config value 'mdx_configs' = {}
DEBUG   -  Config value 'strict' = False
DEBUG   -  Config value 'remote_branch' = 'gh-pages'
DEBUG   -  Config value 'remote_name' = 'origin'
DEBUG   -  Config value 'extra' = {}
DEBUG   -  Config value 'plugins' = {'material/search': <material.plugins.search.plugin.SearchPlugin object at 0x0000021DC1BAEEE0>, 
'awesome-pages': <mkdocs_awesome_pages_plugin.plugin.AwesomePagesPlugin object at 0x0000021DC1BAEBE0>}
DEBUG   -  Config value 'hooks' = {}
DEBUG   -  Config value 'watch' = []
DEBUG   -  Config value 'validation' = {'nav': {'omitted_files': 20, 'not_found': 30, 'absolute_links': 20}, 'links': {'not_found': 
30, 'absolute_links': 20, 'unrecognized_links': 20, 'anchors': 20}}
DEBUG   -  Running `startup` event from plugin 'material/search'
DEBUG   -  Running `config` event from plugin 'material/search'
DEBUG   -  Looking for translations for locale 'en'
DEBUG   -  No translations found here: 'C:\Users\geoff\anaconda3\envs\dnd-mkdocs\lib\site-packages\mkdocs\templates\locales'
DEBUG   -  No translations found here: 'C:\Users\geoff\anaconda3\envs\dnd-mkdocs\lib\site-packages\material\templates\locales'
DEBUG   -  Looking for translations for locale 'en'
DEBUG   -  No translations found here: 'C:\Users\geoff\anaconda3\envs\dnd-mkdocs\lib\site-packages\mkdocs\templates\locales'
DEBUG   -  No translations found here: 'C:\Users\geoff\anaconda3\envs\dnd-mkdocs\lib\site-packages\material\templates\locales'
DEBUG   -  Looking for translations for locale 'en'
DEBUG   -  No translations found here: 'C:\Users\geoff\anaconda3\envs\dnd-mkdocs\lib\site-packages\mkdocs\templates\locales'
DEBUG   -  No translations found here: 'C:\Users\geoff\anaconda3\envs\dnd-mkdocs\lib\site-packages\material\templates\locales'
DEBUG   -  Running `config` event from plugin 'awesome-pages'
INFO    -  Cleaning site directory
INFO    -  Building documentation to directory: C:\Users\geoff\Desktop\D&D\dnd_session_logs\docs
DEBUG   -  Looking for translations for locale 'en'
DEBUG   -  No translations found here: 'C:\Users\geoff\anaconda3\envs\dnd-mkdocs\lib\site-packages\mkdocs\templates\locales'
DEBUG   -  No translations found here: 'C:\Users\geoff\anaconda3\envs\dnd-mkdocs\lib\site-packages\material\templates\locales'
DEBUG   -  Running `files` event from plugin 'awesome-pages'
DEBUG   -  Running `nav` event from plugin 'awesome-pages'
DEBUG   -  Reading markdown pages.
DEBUG   -  Reading: index.md
DEBUG   -  Reading: friday/index.md
DEBUG   -  Reading: friday/logs/log_session_1.md
DEBUG   -  Reading: friday/logs/log_session_10.md
DEBUG   -  Reading: friday/logs/log_session_11.md
DEBUG   -  Reading: friday/logs/log_session_12.md
DEBUG   -  Reading: friday/logs/log_session_13.md
DEBUG   -  Reading: friday/logs/log_session_14.md
DEBUG   -  Reading: friday/logs/log_session_15.md
DEBUG   -  Reading: friday/logs/log_session_16.md
DEBUG   -  Reading: friday/logs/log_session_17.md
DEBUG   -  Reading: friday/logs/log_session_18.md
DEBUG   -  Reading: friday/logs/log_session_19.md
DEBUG   -  Reading: friday/logs/log_session_2.md
DEBUG   -  Reading: friday/logs/log_session_20.md
DEBUG   -  Reading: friday/logs/log_session_21.md
DEBUG   -  Reading: friday/logs/log_session_22.md
DEBUG   -  Reading: friday/logs/log_session_23.md
DEBUG   -  Reading: friday/logs/log_session_24.md
DEBUG   -  Reading: friday/logs/log_session_25.md
DEBUG   -  Reading: friday/logs/log_session_26.md
DEBUG   -  Reading: friday/logs/log_session_27.md
DEBUG   -  Reading: friday/logs/log_session_28.md
DEBUG   -  Reading: friday/logs/log_session_29.md
DEBUG   -  Reading: friday/logs/log_session_3.md
DEBUG   -  Reading: friday/logs/log_session_30.md
DEBUG   -  Reading: friday/logs/log_session_31.md
DEBUG   -  Reading: friday/logs/log_session_32.md
DEBUG   -  Reading: friday/logs/log_session_33.md
DEBUG   -  Reading: friday/logs/log_session_34.md
DEBUG   -  Reading: friday/logs/log_session_35.md
DEBUG   -  Reading: friday/logs/log_session_36.md
DEBUG   -  Reading: friday/logs/log_session_4.md
DEBUG   -  Reading: friday/logs/log_session_5.md
DEBUG   -  Reading: friday/logs/log_session_6.md
DEBUG   -  Reading: friday/logs/log_session_7.md
DEBUG   -  Reading: friday/logs/log_session_8.md
DEBUG   -  Reading: friday/logs/log_session_9.md
DEBUG   -  Reading: friday/players/epic_paths.md
DEBUG   -  Reading: friday/players/pcs.md
DEBUG   -  Reading: friday/recaps/recap_session_26.md
DEBUG   -  Reading: friday/recaps/recap_session_27.md
DEBUG   -  Reading: friday/recaps/recap_session_28.md
DEBUG   -  Reading: friday/recaps/recap_session_29.md
DEBUG   -  Reading: friday/recaps/recap_session_30.md
DEBUG   -  Reading: friday/recaps/recap_session_31.md
DEBUG   -  Reading: friday/recaps/recap_session_33.md
DEBUG   -  Reading: friday/recaps/recap_session_34.md
DEBUG   -  Reading: friday/recaps/recap_session_35.md
DEBUG   -  Reading: friday/recaps/recap_session_36.md
DEBUG   -  Reading: monday/index.md
DEBUG   -  Reading: monday/logs/log_session_1.md
DEBUG   -  Reading: monday/logs/log_session_2.md
DEBUG   -  Reading: monday/logs/log_session_3.md
DEBUG   -  Reading: monday/logs/log_session_4.md
DEBUG   -  Reading: monday/logs/log_session_5.md
DEBUG   -  Reading: monday/players/pcs.md
DEBUG   -  Reading: monday/recaps/recap_session_1.md
DEBUG   -  Reading: monday/recaps/recap_session_2.md
DEBUG   -  Reading: monday/recaps/recap_session_3.md
DEBUG   -  Reading: monday/recaps/recap_session_4.md
DEBUG   -  Reading: monday/recaps/recap_session_5.md
DEBUG   -  Reading: wednesday/index.md
DEBUG   -  Reading: wednesday/logs/log_session_1.md
DEBUG   -  Reading: wednesday/logs/log_session_10.md
DEBUG   -  Reading: wednesday/logs/log_session_11.md
DEBUG   -  Reading: wednesday/logs/log_session_12.md
DEBUG   -  Reading: wednesday/logs/log_session_13.md
DEBUG   -  Reading: wednesday/logs/log_session_14.md
DEBUG   -  Reading: wednesday/logs/log_session_15.md
DEBUG   -  Reading: wednesday/logs/log_session_16.md
DEBUG   -  Reading: wednesday/logs/log_session_17.md
DEBUG   -  Reading: wednesday/logs/log_session_18.md
DEBUG   -  Reading: wednesday/logs/log_session_19.md
DEBUG   -  Reading: wednesday/logs/log_session_2.md
DEBUG   -  Reading: wednesday/logs/log_session_20.md
DEBUG   -  Reading: wednesday/logs/log_session_21.md
DEBUG   -  Reading: wednesday/logs/log_session_22.md
DEBUG   -  Reading: wednesday/logs/log_session_23.md
DEBUG   -  Reading: wednesday/logs/log_session_24.md
DEBUG   -  Reading: wednesday/logs/log_session_25.md
DEBUG   -  Reading: wednesday/logs/log_session_26.md
DEBUG   -  Reading: wednesday/logs/log_session_27.md
DEBUG   -  Reading: wednesday/logs/log_session_28.md
DEBUG   -  Reading: wednesday/logs/log_session_29.md
DEBUG   -  Reading: wednesday/logs/log_session_3.md
DEBUG   -  Reading: wednesday/logs/log_session_4.md
DEBUG   -  Reading: wednesday/logs/log_session_5.md
DEBUG   -  Reading: wednesday/logs/log_session_6.md
DEBUG   -  Reading: wednesday/logs/log_session_7.md
DEBUG   -  Reading: wednesday/logs/log_session_8.md
DEBUG   -  Reading: wednesday/logs/log_session_9.md
DEBUG   -  Reading: wednesday/players/epic_paths.md
DEBUG   -  Reading: wednesday/players/pcs.md
DEBUG   -  Reading: wednesday/players/player_character_quests.md
DEBUG   -  Reading: wednesday/recaps/recap_session_21.md
DEBUG   -  Reading: wednesday/recaps/recap_session_22.md
DEBUG   -  Reading: wednesday/recaps/recap_session_23.md
DEBUG   -  Reading: wednesday/recaps/recap_session_24.md
DEBUG   -  Reading: wednesday/recaps/recap_session_25.md
DEBUG   -  Reading: wednesday/recaps/recap_session_26.md
DEBUG   -  Reading: wednesday/recaps/recap_session_27.md
DEBUG   -  Reading: wednesday/recaps/recap_session_28.md
DEBUG   -  Reading: wednesday/recaps/recap_session_29.md
DEBUG   -  Copying static assets.
DEBUG   -  Copying media file: 'custom_dd_style.css'
DEBUG   -  Copying media file: 'fonts/Bookinsanity Bold Italic.otf'
DEBUG   -  Copying media file: 'fonts/Bookinsanity Bold.otf'
DEBUG   -  Copying media file: 'fonts/Bookinsanity Italic.otf'
DEBUG   -  Copying media file: 'fonts/Bookinsanity.otf'
DEBUG   -  Copying media file: 'fonts/Mr Eaves Small Caps.otf'
DEBUG   -  Copying media file: 'fonts/Nodesto Caps Condensed Bold Italic.otf'
DEBUG   -  Copying media file: 'fonts/Nodesto Caps Condensed Bold.otf'
DEBUG   -  Copying media file: 'fonts/Nodesto Caps Condensed Italic.otf'
DEBUG   -  Copying media file: 'fonts/Nodesto Caps Condensed.otf'
DEBUG   -  Copying media file: 'fonts/Scaly Sans Bold Italic.otf'
DEBUG   -  Copying media file: 'fonts/Scaly Sans Bold.otf'
DEBUG   -  Copying media file: 'fonts/Scaly Sans Caps Bold Italic.otf'
DEBUG   -  Copying media file: 'fonts/Scaly Sans Caps Bold.otf'
DEBUG   -  Copying media file: 'fonts/Scaly Sans Caps Italic.otf'
DEBUG   -  Copying media file: 'fonts/Scaly Sans Caps.otf'
DEBUG   -  Copying media file: 'fonts/Scaly Sans Italic.otf'
DEBUG   -  Copying media file: 'fonts/Scaly Sans.otf'
DEBUG   -  Copying media file: 'fonts/Solbera Imitation.otf'
DEBUG   -  Copying media file: 'friday/session_transcript.txt'
DEBUG   -  Copying media file: 'friday/players/OotDL.webp'
DEBUG   -  Copying media file: 'friday/players/aella.webp'
DEBUG   -  Copying media file: 'friday/players/astreus1.webp'
DEBUG   -  Copying media file: 'friday/players/astreus2.webp'
DEBUG   -  Copying media file: 'friday/players/astreus4.webp'
DEBUG   -  Copying media file: 'friday/players/delphi.webp'
DEBUG   -  Copying media file: 'friday/players/rhaena.webp'
DEBUG   -  Copying media file: 'images/5e-phb-background-imitation.png'
DEBUG   -  Copying media file: 'images/note-wrap-imitation.png'
DEBUG   -  Copying media file: 'js/statblock5e-inlined.html'
DEBUG   -  Copying media file: 'monday/players/LMotD.webp'
DEBUG   -  Copying media file: 'monday/players/bentham.webp'
DEBUG   -  Copying media file: 'monday/players/clank.webp'
DEBUG   -  Copying media file: 'monday/players/haribo.webp'
DEBUG   -  Copying media file: 'monday/players/malaggar.webp'
DEBUG   -  Copying media file: 'monday/players/ravithar.webp'
DEBUG   -  Copying media file: 'monday/players/zyntra.webp'
DEBUG   -  Copying media file: 'wednesday/players/OotDL.webp'
DEBUG   -  Copying media file: 'wednesday/players/andrew_lynx.webp'
DEBUG   -  Copying media file: 'wednesday/players/bjorn.webp'
DEBUG   -  Copying media file: 'wednesday/players/kain.webp'
DEBUG   -  Copying media file: 'wednesday/players/nikandros.webp'
DEBUG   -  Copying media file: 'wednesday/players/rhy-at.webp'
DEBUG   -  Copying media file: 'wednesday/players/tharok.webp'
DEBUG   -  Copying media file: 'wednesday/players/zephyrion.webp'
DEBUG   -  Copying media file: 'assets/images/favicon.png'
DEBUG   -  Copying media file: 'assets/javascripts/bundle.56ea9cef.min.js'
DEBUG   -  Copying media file: 'assets/javascripts/bundle.56ea9cef.min.js.map'
DEBUG   -  Copying media file: 'assets/javascripts/lunr/min/lunr.ar.min.js'
DEBUG   -  Copying media file: 'assets/javascripts/lunr/min/lunr.da.min.js'
DEBUG   -  Copying media file: 'assets/javascripts/lunr/min/lunr.de.min.js'
DEBUG   -  Copying media file: 'assets/javascripts/lunr/min/lunr.du.min.js'
DEBUG   -  Copying media file: 'assets/javascripts/lunr/min/lunr.el.min.js'
DEBUG   -  Copying media file: 'assets/javascripts/lunr/min/lunr.es.min.js'
DEBUG   -  Copying media file: 'assets/javascripts/lunr/min/lunr.fi.min.js'
DEBUG   -  Copying media file: 'assets/javascripts/lunr/min/lunr.fr.min.js'
DEBUG   -  Copying media file: 'assets/javascripts/lunr/min/lunr.he.min.js'
DEBUG   -  Copying media file: 'assets/javascripts/lunr/min/lunr.hi.min.js'
DEBUG   -  Copying media file: 'assets/javascripts/lunr/min/lunr.hu.min.js'
DEBUG   -  Copying media file: 'assets/javascripts/lunr/min/lunr.hy.min.js'
DEBUG   -  Copying media file: 'assets/javascripts/lunr/min/lunr.it.min.js'
DEBUG   -  Copying media file: 'assets/javascripts/lunr/min/lunr.ja.min.js'
DEBUG   -  Copying media file: 'assets/javascripts/lunr/min/lunr.jp.min.js'
DEBUG   -  Copying media file: 'assets/javascripts/lunr/min/lunr.kn.min.js'
DEBUG   -  Copying media file: 'assets/javascripts/lunr/min/lunr.ko.min.js'
DEBUG   -  Copying media file: 'assets/javascripts/lunr/min/lunr.multi.min.js'
DEBUG   -  Copying media file: 'assets/javascripts/lunr/min/lunr.nl.min.js'
DEBUG   -  Copying media file: 'assets/javascripts/lunr/min/lunr.no.min.js'
DEBUG   -  Copying media file: 'assets/javascripts/lunr/min/lunr.pt.min.js'
DEBUG   -  Copying media file: 'assets/javascripts/lunr/min/lunr.ro.min.js'
DEBUG   -  Copying media file: 'assets/javascripts/lunr/min/lunr.ru.min.js'
DEBUG   -  Copying media file: 'assets/javascripts/lunr/min/lunr.sa.min.js'
DEBUG   -  Copying media file: 'assets/javascripts/lunr/min/lunr.stemmer.support.min.js'
DEBUG   -  Copying media file: 'assets/javascripts/lunr/min/lunr.sv.min.js'
DEBUG   -  Copying media file: 'assets/javascripts/lunr/min/lunr.ta.min.js'
DEBUG   -  Copying media file: 'assets/javascripts/lunr/min/lunr.te.min.js'
DEBUG   -  Copying media file: 'assets/javascripts/lunr/min/lunr.th.min.js'
DEBUG   -  Copying media file: 'assets/javascripts/lunr/min/lunr.tr.min.js'
DEBUG   -  Copying media file: 'assets/javascripts/lunr/min/lunr.vi.min.js'
DEBUG   -  Copying media file: 'assets/javascripts/lunr/min/lunr.zh.min.js'
DEBUG   -  Copying media file: 'assets/javascripts/lunr/tinyseg.js'
DEBUG   -  Copying media file: 'assets/javascripts/lunr/wordcut.js'
DEBUG   -  Copying media file: 'assets/javascripts/workers/search.d50fe291.min.js'
DEBUG   -  Copying media file: 'assets/javascripts/workers/search.d50fe291.min.js.map'
DEBUG   -  Copying media file: 'assets/stylesheets/main.342714a4.min.css'
DEBUG   -  Copying media file: 'assets/stylesheets/main.342714a4.min.css.map'
DEBUG   -  Copying media file: 'assets/stylesheets/palette.06af60db.min.css'
DEBUG   -  Copying media file: 'assets/stylesheets/palette.06af60db.min.css.map'
DEBUG   -  Building theme template: sitemap.xml
DEBUG   -  Gzipping template: sitemap.xml
DEBUG   -  Building theme template: 404.html
DEBUG   -  Building markdown pages.
DEBUG   -  Building page index.md
DEBUG   -  Running `page_context` event from plugin 'material/search'
DEBUG   -  Building page friday/index.md
DEBUG   -  Running `page_context` event from plugin 'material/search'
DEBUG   -  Building page friday/logs/log_session_1.md
DEBUG   -  Running `page_context` event from plugin 'material/search'
DEBUG   -  Building page friday/logs/log_session_10.md
DEBUG   -  Running `page_context` event from plugin 'material/search'
DEBUG   -  Building page friday/logs/log_session_11.md
DEBUG   -  Running `page_context` event from plugin 'material/search'
DEBUG   -  Building page friday/logs/log_session_12.md
DEBUG   -  Running `page_context` event from plugin 'material/search'
DEBUG   -  Building page friday/logs/log_session_13.md
DEBUG   -  Running `page_context` event from plugin 'material/search'
DEBUG   -  Building page friday/logs/log_session_14.md
DEBUG   -  Running `page_context` event from plugin 'material/search'
DEBUG   -  Building page friday/logs/log_session_15.md
DEBUG   -  Running `page_context` event from plugin 'material/search'
DEBUG   -  Building page friday/logs/log_session_16.md
DEBUG   -  Running `page_context` event from plugin 'material/search'
DEBUG   -  Building page friday/logs/log_session_17.md
DEBUG   -  Running `page_context` event from plugin 'material/search'
DEBUG   -  Building page friday/logs/log_session_18.md
DEBUG   -  Running `page_context` event from plugin 'material/search'
DEBUG   -  Building page friday/logs/log_session_19.md
DEBUG   -  Running `page_context` event from plugin 'material/search'
DEBUG   -  Building page friday/logs/log_session_2.md
DEBUG   -  Running `page_context` event from plugin 'material/search'
DEBUG   -  Building page friday/logs/log_session_20.md
DEBUG   -  Running `page_context` event from plugin 'material/search'
DEBUG   -  Building page friday/logs/log_session_21.md
DEBUG   -  Running `page_context` event from plugin 'material/search'
DEBUG   -  Building page friday/logs/log_session_22.md
DEBUG   -  Running `page_context` event from plugin 'material/search'
DEBUG   -  Building page friday/logs/log_session_23.md
DEBUG   -  Running `page_context` event from plugin 'material/search'
DEBUG   -  Building page friday/logs/log_session_24.md
DEBUG   -  Running `page_context` event from plugin 'material/search'
DEBUG   -  Building page friday/logs/log_session_25.md
DEBUG   -  Running `page_context` event from plugin 'material/search'
DEBUG   -  Building page friday/logs/log_session_26.md
DEBUG   -  Running `page_context` event from plugin 'material/search'
DEBUG   -  Building page friday/logs/log_session_27.md
DEBUG   -  Running `page_context` event from plugin 'material/search'
DEBUG   -  Building page friday/logs/log_session_28.md
DEBUG   -  Running `page_context` event from plugin 'material/search'
DEBUG   -  Building page friday/logs/log_session_29.md
DEBUG   -  Running `page_context` event from plugin 'material/search'
DEBUG   -  Building page friday/logs/log_session_3.md
DEBUG   -  Running `page_context` event from plugin 'material/search'
DEBUG   -  Building page friday/logs/log_session_30.md
DEBUG   -  Running `page_context` event from plugin 'material/search'
DEBUG   -  Building page friday/logs/log_session_31.md
DEBUG   -  Running `page_context` event from plugin 'material/search'
DEBUG   -  Building page friday/logs/log_session_32.md
DEBUG   -  Running `page_context` event from plugin 'material/search'
DEBUG   -  Building page friday/logs/log_session_33.md
DEBUG   -  Running `page_context` event from plugin 'material/search'
DEBUG   -  Building page friday/logs/log_session_34.md
DEBUG   -  Running `page_context` event from plugin 'material/search'
DEBUG   -  Building page friday/logs/log_session_35.md
DEBUG   -  Running `page_context` event from plugin 'material/search'
DEBUG   -  Building page friday/logs/log_session_36.md
DEBUG   -  Running `page_context` event from plugin 'material/search'
DEBUG   -  Building page friday/logs/log_session_4.md
DEBUG   -  Running `page_context` event from plugin 'material/search'
DEBUG   -  Building page friday/logs/log_session_5.md
DEBUG   -  Running `page_context` event from plugin 'material/search'
DEBUG   -  Building page friday/logs/log_session_6.md
DEBUG   -  Running `page_context` event from plugin 'material/search'
DEBUG   -  Building page friday/logs/log_session_7.md
DEBUG   -  Running `page_context` event from plugin 'material/search'
DEBUG   -  Building page friday/logs/log_session_8.md
DEBUG   -  Running `page_context` event from plugin 'material/search'
DEBUG   -  Building page friday/logs/log_session_9.md
DEBUG   -  Running `page_context` event from plugin 'material/search'
DEBUG   -  Building page friday/players/epic_paths.md
DEBUG   -  Running `page_context` event from plugin 'material/search'
DEBUG   -  Building page friday/players/pcs.md
DEBUG   -  Running `page_context` event from plugin 'material/search'
DEBUG   -  Building page friday/recaps/recap_session_26.md
DEBUG   -  Running `page_context` event from plugin 'material/search'
DEBUG   -  Building page friday/recaps/recap_session_27.md
DEBUG   -  Running `page_context` event from plugin 'material/search'
DEBUG   -  Building page friday/recaps/recap_session_28.md
DEBUG   -  Running `page_context` event from plugin 'material/search'
DEBUG   -  Building page friday/recaps/recap_session_29.md
DEBUG   -  Running `page_context` event from plugin 'material/search'
DEBUG   -  Building page friday/recaps/recap_session_30.md
DEBUG   -  Running `page_context` event from plugin 'material/search'
DEBUG   -  Building page friday/recaps/recap_session_31.md
DEBUG   -  Running `page_context` event from plugin 'material/search'
DEBUG   -  Building page friday/recaps/recap_session_33.md
DEBUG   -  Running `page_context` event from plugin 'material/search'
DEBUG   -  Building page friday/recaps/recap_session_34.md
DEBUG   -  Running `page_context` event from plugin 'material/search'
DEBUG   -  Building page friday/recaps/recap_session_35.md
DEBUG   -  Running `page_context` event from plugin 'material/search'
DEBUG   -  Building page friday/recaps/recap_session_36.md
DEBUG   -  Running `page_context` event from plugin 'material/search'
DEBUG   -  Building page monday/index.md
DEBUG   -  Running `page_context` event from plugin 'material/search'
DEBUG   -  Building page monday/logs/log_session_1.md
DEBUG   -  Running `page_context` event from plugin 'material/search'
DEBUG   -  Building page monday/logs/log_session_2.md
DEBUG   -  Running `page_context` event from plugin 'material/search'
DEBUG   -  Building page monday/logs/log_session_3.md
DEBUG   -  Running `page_context` event from plugin 'material/search'
DEBUG   -  Building page monday/logs/log_session_4.md
DEBUG   -  Running `page_context` event from plugin 'material/search'
DEBUG   -  Building page monday/logs/log_session_5.md
DEBUG   -  Running `page_context` event from plugin 'material/search'
DEBUG   -  Building page monday/players/pcs.md
DEBUG   -  Running `page_context` event from plugin 'material/search'
DEBUG   -  Building page monday/recaps/recap_session_1.md
DEBUG   -  Running `page_context` event from plugin 'material/search'
DEBUG   -  Building page monday/recaps/recap_session_2.md
DEBUG   -  Running `page_context` event from plugin 'material/search'
DEBUG   -  Building page monday/recaps/recap_session_3.md
DEBUG   -  Running `page_context` event from plugin 'material/search'
DEBUG   -  Building page monday/recaps/recap_session_4.md
DEBUG   -  Running `page_context` event from plugin 'material/search'
DEBUG   -  Building page monday/recaps/recap_session_5.md
DEBUG   -  Running `page_context` event from plugin 'material/search'
DEBUG   -  Building page wednesday/index.md
DEBUG   -  Running `page_context` event from plugin 'material/search'
DEBUG   -  Building page wednesday/logs/log_session_1.md
DEBUG   -  Running `page_context` event from plugin 'material/search'
DEBUG   -  Building page wednesday/logs/log_session_10.md
DEBUG   -  Running `page_context` event from plugin 'material/search'
DEBUG   -  Building page wednesday/logs/log_session_11.md
DEBUG   -  Running `page_context` event from plugin 'material/search'
DEBUG   -  Building page wednesday/logs/log_session_12.md
DEBUG   -  Running `page_context` event from plugin 'material/search'
DEBUG   -  Building page wednesday/logs/log_session_13.md
DEBUG   -  Running `page_context` event from plugin 'material/search'
DEBUG   -  Building page wednesday/logs/log_session_14.md
DEBUG   -  Running `page_context` event from plugin 'material/search'
DEBUG   -  Building page wednesday/logs/log_session_15.md
DEBUG   -  Running `page_context` event from plugin 'material/search'
DEBUG   -  Building page wednesday/logs/log_session_16.md
DEBUG   -  Running `page_context` event from plugin 'material/search'
DEBUG   -  Building page wednesday/logs/log_session_17.md
DEBUG   -  Running `page_context` event from plugin 'material/search'
DEBUG   -  Building page wednesday/logs/log_session_18.md
DEBUG   -  Running `page_context` event from plugin 'material/search'
DEBUG   -  Building page wednesday/logs/log_session_19.md
DEBUG   -  Running `page_context` event from plugin 'material/search'
DEBUG   -  Building page wednesday/logs/log_session_2.md
DEBUG   -  Running `page_context` event from plugin 'material/search'
DEBUG   -  Building page wednesday/logs/log_session_20.md
DEBUG   -  Running `page_context` event from plugin 'material/search'
DEBUG   -  Building page wednesday/logs/log_session_21.md
DEBUG   -  Running `page_context` event from plugin 'material/search'
DEBUG   -  Building page wednesday/logs/log_session_22.md
DEBUG   -  Running `page_context` event from plugin 'material/search'
DEBUG   -  Building page wednesday/logs/log_session_23.md
DEBUG   -  Running `page_context` event from plugin 'material/search'
DEBUG   -  Building page wednesday/logs/log_session_24.md
DEBUG   -  Running `page_context` event from plugin 'material/search'
DEBUG   -  Building page wednesday/logs/log_session_25.md
DEBUG   -  Running `page_context` event from plugin 'material/search'
DEBUG   -  Building page wednesday/logs/log_session_26.md
DEBUG   -  Running `page_context` event from plugin 'material/search'
DEBUG   -  Building page wednesday/logs/log_session_27.md
DEBUG   -  Running `page_context` event from plugin 'material/search'
DEBUG   -  Building page wednesday/logs/log_session_28.md
DEBUG   -  Running `page_context` event from plugin 'material/search'
DEBUG   -  Building page wednesday/logs/log_session_29.md
DEBUG   -  Running `page_context` event from plugin 'material/search'
DEBUG   -  Building page wednesday/logs/log_session_3.md
DEBUG   -  Running `page_context` event from plugin 'material/search'
DEBUG   -  Building page wednesday/logs/log_session_4.md
DEBUG   -  Running `page_context` event from plugin 'material/search'
DEBUG   -  Building page wednesday/logs/log_session_5.md
DEBUG   -  Running `page_context` event from plugin 'material/search'
DEBUG   -  Building page wednesday/logs/log_session_6.md
DEBUG   -  Running `page_context` event from plugin 'material/search'
DEBUG   -  Building page wednesday/logs/log_session_7.md
DEBUG   -  Running `page_context` event from plugin 'material/search'
DEBUG   -  Building page wednesday/logs/log_session_8.md
DEBUG   -  Running `page_context` event from plugin 'material/search'
DEBUG   -  Building page wednesday/logs/log_session_9.md
DEBUG   -  Running `page_context` event from plugin 'material/search'
DEBUG   -  Building page wednesday/players/epic_paths.md
DEBUG   -  Running `page_context` event from plugin 'material/search'
DEBUG   -  Building page wednesday/players/pcs.md
DEBUG   -  Running `page_context` event from plugin 'material/search'
DEBUG   -  Building page wednesday/players/player_character_quests.md
DEBUG   -  Running `page_context` event from plugin 'material/search'
DEBUG   -  Building page wednesday/recaps/recap_session_21.md
DEBUG   -  Running `page_context` event from plugin 'material/search'
DEBUG   -  Building page wednesday/recaps/recap_session_22.md
DEBUG   -  Running `page_context` event from plugin 'material/search'
DEBUG   -  Building page wednesday/recaps/recap_session_23.md
DEBUG   -  Running `page_context` event from plugin 'material/search'
DEBUG   -  Building page wednesday/recaps/recap_session_24.md
DEBUG   -  Running `page_context` event from plugin 'material/search'
DEBUG   -  Building page wednesday/recaps/recap_session_25.md
DEBUG   -  Running `page_context` event from plugin 'material/search'
DEBUG   -  Building page wednesday/recaps/recap_session_26.md
DEBUG   -  Running `page_context` event from plugin 'material/search'
DEBUG   -  Building page wednesday/recaps/recap_session_27.md
DEBUG   -  Running `page_context` event from plugin 'material/search'
DEBUG   -  Building page wednesday/recaps/recap_session_28.md
DEBUG   -  Running `page_context` event from plugin 'material/search'
DEBUG   -  Building page wednesday/recaps/recap_session_29.md
DEBUG   -  Running `page_context` event from plugin 'material/search'
DEBUG   -  Running `post_build` event from plugin 'material/search'
INFO    -  Documentation built in 0.86 seconds
